// Jest Snapshot v1, https://goo.gl/fbAQLP

exports[` 1`] = `
"\\"\\"\\" @model \\"\\"\\"
type Comment {
  id: ID!
  text: String
  description: String
  \\"\\"\\"@manyToOne field: 'comments', key: 'noteId'\\"\\"\\"
  note: Note
  \\"\\"\\"@oneToOne field: 'comment', key: 'commentId', virtual: true\\"\\"\\"
  metadata: CommentMetadata
}

input CommentInput {
  id: ID
  text: String
  description: String
  noteId: ID
  commentId: ID
}

\\"\\"\\"@model\\"\\"\\"
type CommentMetadata {
  id: ID!
  opened: Boolean
  \\"\\"\\"@oneToOne field: 'metadata', key: 'commentId'\\"\\"\\"
  comment: Comment
}

input CommentMetadataInput {
  id: ID
  opened: Boolean
  commentId: ID
}

type Mutation {
  createNote(input: NoteInput): Note!
  updateNote(input: NoteInput): Note!
  deleteNote(input: NoteInput): Note!
  createComment(input: CommentInput): Comment!
  updateComment(input: CommentInput): Comment!
  deleteComment(input: CommentInput): Comment!
  createCommentMetadata(input: CommentMetadataInput): CommentMetadata!
  updateCommentMetadata(input: CommentMetadataInput): CommentMetadata!
  deleteCommentMetadata(input: CommentMetadataInput): CommentMetadata!
}

\\"\\"\\" @model \\"\\"\\"
type Note {
  id: ID!
  title: String!
  description: String
  \\"\\"\\"@oneToMany field: 'note', key: 'noteId'\\"\\"\\"
  comments: [Comment]!
}

input NoteInput {
  id: ID
  title: String
  description: String
}

type Query {
  helloWorld: String
  findAllNotes(limit: Int, offset: Int): [Note]!
  findNotes(fields: NoteInput, limit: Int, offset: Int): [Note]!
  findAllComments(limit: Int, offset: Int): [Comment]!
  findComments(fields: CommentInput, limit: Int, offset: Int): [Comment]!
  findAllCommentMetadata(limit: Int, offset: Int): [CommentMetadata]!
  findCommentMetadata(fields: CommentMetadataInput, limit: Int, offset: Int): [CommentMetadata]!
}

type Subscription {
  newNote(input: NoteInput): Note!
  updatedNote(input: NoteInput): Note!
  deletedNote(input: NoteInput): Note!
  newComment(input: CommentInput): Comment!
  updatedComment(input: CommentInput): Comment!
  deletedComment(input: CommentInput): Comment!
  newCommentMetadata(input: CommentMetadataInput): CommentMetadata!
  updatedCommentMetadata(input: CommentMetadataInput): CommentMetadata!
  deletedCommentMetadata(input: CommentMetadataInput): CommentMetadata!
}

schema {
  query: Query
  mutation: Mutation
  subscription: Subscription
}
"
`;

exports[` 2`] = `
Object {
  "tableMap": Map {
    "Note" => Object {
      "annotations": Object {},
      "columnMap": Map {
        "id" => Object {
          "annotations": Object {},
          "args": Array [],
          "comment": undefined,
          "defaultValue": undefined,
          "foreign": undefined,
          "name": "id",
          "nullable": false,
          "type": "increments",
          "unique": false,
        },
        "title" => Object {
          "annotations": Object {},
          "args": Array [
            255,
          ],
          "comment": undefined,
          "defaultValue": undefined,
          "foreign": undefined,
          "name": "title",
          "nullable": false,
          "type": "string",
          "unique": false,
        },
        "description" => Object {
          "annotations": Object {},
          "args": Array [
            255,
          ],
          "comment": undefined,
          "defaultValue": undefined,
          "foreign": undefined,
          "name": "description",
          "nullable": true,
          "type": "string",
          "unique": false,
        },
      },
      "columns": Array [
        Object {
          "annotations": Object {},
          "args": Array [],
          "comment": undefined,
          "defaultValue": undefined,
          "foreign": undefined,
          "name": "id",
          "nullable": false,
          "type": "increments",
          "unique": false,
        },
        Object {
          "annotations": Object {},
          "args": Array [
            255,
          ],
          "comment": undefined,
          "defaultValue": undefined,
          "foreign": undefined,
          "name": "title",
          "nullable": false,
          "type": "string",
          "unique": false,
        },
        Object {
          "annotations": Object {},
          "args": Array [
            255,
          ],
          "comment": undefined,
          "defaultValue": undefined,
          "foreign": undefined,
          "name": "description",
          "nullable": true,
          "type": "string",
          "unique": false,
        },
      ],
      "comment": undefined,
      "indexes": Array [],
      "name": "note",
      "primaries": Array [
        Object {
          "columns": Array [
            "id",
          ],
          "name": "note_pkey",
        },
      ],
      "uniques": Array [],
    },
    "Comment" => Object {
      "annotations": Object {},
      "columnMap": Map {
        "id" => Object {
          "annotations": Object {},
          "args": Array [],
          "comment": undefined,
          "defaultValue": undefined,
          "foreign": undefined,
          "name": "id",
          "nullable": false,
          "type": "increments",
          "unique": false,
        },
        "text" => Object {
          "annotations": Object {},
          "args": Array [
            255,
          ],
          "comment": undefined,
          "defaultValue": undefined,
          "foreign": undefined,
          "name": "text",
          "nullable": true,
          "type": "string",
          "unique": false,
        },
        "description" => Object {
          "annotations": Object {},
          "args": Array [
            255,
          ],
          "comment": undefined,
          "defaultValue": undefined,
          "foreign": undefined,
          "name": "description",
          "nullable": true,
          "type": "string",
          "unique": false,
        },
        "note" => Object {
          "annotations": Object {},
          "args": Array [],
          "comment": undefined,
          "defaultValue": undefined,
          "foreign": Object {
            "columnName": "id",
            "field": "id",
            "tableName": "note",
            "type": "Note",
          },
          "name": "noteId",
          "nullable": true,
          "type": "integer",
          "unique": false,
        },
      },
      "columns": Array [
        Object {
          "annotations": Object {},
          "args": Array [],
          "comment": undefined,
          "defaultValue": undefined,
          "foreign": undefined,
          "name": "id",
          "nullable": false,
          "type": "increments",
          "unique": false,
        },
        Object {
          "annotations": Object {},
          "args": Array [
            255,
          ],
          "comment": undefined,
          "defaultValue": undefined,
          "foreign": undefined,
          "name": "text",
          "nullable": true,
          "type": "string",
          "unique": false,
        },
        Object {
          "annotations": Object {},
          "args": Array [
            255,
          ],
          "comment": undefined,
          "defaultValue": undefined,
          "foreign": undefined,
          "name": "description",
          "nullable": true,
          "type": "string",
          "unique": false,
        },
        Object {
          "annotations": Object {},
          "args": Array [],
          "comment": undefined,
          "defaultValue": undefined,
          "foreign": Object {
            "columnName": "id",
            "field": "id",
            "tableName": "note",
            "type": "Note",
          },
          "name": "noteId",
          "nullable": true,
          "type": "integer",
          "unique": false,
        },
      ],
      "comment": undefined,
      "indexes": Array [],
      "name": "comment",
      "primaries": Array [
        Object {
          "columns": Array [
            "id",
          ],
          "name": "comment_pkey",
        },
      ],
      "uniques": Array [],
    },
    "CommentMetadata" => Object {
      "annotations": Object {},
      "columnMap": Map {
        "id" => Object {
          "annotations": Object {},
          "args": Array [],
          "comment": undefined,
          "defaultValue": undefined,
          "foreign": undefined,
          "name": "id",
          "nullable": false,
          "type": "increments",
          "unique": false,
        },
        "opened" => Object {
          "annotations": Object {},
          "args": Array [],
          "comment": undefined,
          "defaultValue": undefined,
          "foreign": undefined,
          "name": "opened",
          "nullable": true,
          "type": "boolean",
          "unique": false,
        },
        "comment" => Object {
          "annotations": Object {},
          "args": Array [],
          "comment": undefined,
          "defaultValue": undefined,
          "foreign": Object {
            "columnName": "id",
            "field": "id",
            "tableName": "comment",
            "type": "Comment",
          },
          "name": "commentId",
          "nullable": true,
          "type": "integer",
          "unique": true,
        },
      },
      "columns": Array [
        Object {
          "annotations": Object {},
          "args": Array [],
          "comment": undefined,
          "defaultValue": undefined,
          "foreign": undefined,
          "name": "id",
          "nullable": false,
          "type": "increments",
          "unique": false,
        },
        Object {
          "annotations": Object {},
          "args": Array [],
          "comment": undefined,
          "defaultValue": undefined,
          "foreign": undefined,
          "name": "opened",
          "nullable": true,
          "type": "boolean",
          "unique": false,
        },
        Object {
          "annotations": Object {},
          "args": Array [],
          "comment": undefined,
          "defaultValue": undefined,
          "foreign": Object {
            "columnName": "id",
            "field": "id",
            "tableName": "comment",
            "type": "Comment",
          },
          "name": "commentId",
          "nullable": true,
          "type": "integer",
          "unique": true,
        },
      ],
      "comment": undefined,
      "indexes": Array [],
      "name": "commentmetadata",
      "primaries": Array [
        Object {
          "columns": Array [
            "id",
          ],
          "name": "commentmetadata_pkey",
        },
      ],
      "uniques": Array [
        Object {
          "columns": Array [
            "commentId",
          ],
          "name": "commentmetadata_commentId_unique",
        },
      ],
    },
  },
  "tables": Array [
    Object {
      "annotations": Object {},
      "columnMap": Map {
        "id" => Object {
          "annotations": Object {},
          "args": Array [],
          "comment": undefined,
          "defaultValue": undefined,
          "foreign": undefined,
          "name": "id",
          "nullable": false,
          "type": "increments",
          "unique": false,
        },
        "title" => Object {
          "annotations": Object {},
          "args": Array [
            255,
          ],
          "comment": undefined,
          "defaultValue": undefined,
          "foreign": undefined,
          "name": "title",
          "nullable": false,
          "type": "string",
          "unique": false,
        },
        "description" => Object {
          "annotations": Object {},
          "args": Array [
            255,
          ],
          "comment": undefined,
          "defaultValue": undefined,
          "foreign": undefined,
          "name": "description",
          "nullable": true,
          "type": "string",
          "unique": false,
        },
      },
      "columns": Array [
        Object {
          "annotations": Object {},
          "args": Array [],
          "comment": undefined,
          "defaultValue": undefined,
          "foreign": undefined,
          "name": "id",
          "nullable": false,
          "type": "increments",
          "unique": false,
        },
        Object {
          "annotations": Object {},
          "args": Array [
            255,
          ],
          "comment": undefined,
          "defaultValue": undefined,
          "foreign": undefined,
          "name": "title",
          "nullable": false,
          "type": "string",
          "unique": false,
        },
        Object {
          "annotations": Object {},
          "args": Array [
            255,
          ],
          "comment": undefined,
          "defaultValue": undefined,
          "foreign": undefined,
          "name": "description",
          "nullable": true,
          "type": "string",
          "unique": false,
        },
      ],
      "comment": undefined,
      "indexes": Array [],
      "name": "note",
      "primaries": Array [
        Object {
          "columns": Array [
            "id",
          ],
          "name": "note_pkey",
        },
      ],
      "uniques": Array [],
    },
    Object {
      "annotations": Object {},
      "columnMap": Map {
        "id" => Object {
          "annotations": Object {},
          "args": Array [],
          "comment": undefined,
          "defaultValue": undefined,
          "foreign": undefined,
          "name": "id",
          "nullable": false,
          "type": "increments",
          "unique": false,
        },
        "text" => Object {
          "annotations": Object {},
          "args": Array [
            255,
          ],
          "comment": undefined,
          "defaultValue": undefined,
          "foreign": undefined,
          "name": "text",
          "nullable": true,
          "type": "string",
          "unique": false,
        },
        "description" => Object {
          "annotations": Object {},
          "args": Array [
            255,
          ],
          "comment": undefined,
          "defaultValue": undefined,
          "foreign": undefined,
          "name": "description",
          "nullable": true,
          "type": "string",
          "unique": false,
        },
        "note" => Object {
          "annotations": Object {},
          "args": Array [],
          "comment": undefined,
          "defaultValue": undefined,
          "foreign": Object {
            "columnName": "id",
            "field": "id",
            "tableName": "note",
            "type": "Note",
          },
          "name": "noteId",
          "nullable": true,
          "type": "integer",
          "unique": false,
        },
      },
      "columns": Array [
        Object {
          "annotations": Object {},
          "args": Array [],
          "comment": undefined,
          "defaultValue": undefined,
          "foreign": undefined,
          "name": "id",
          "nullable": false,
          "type": "increments",
          "unique": false,
        },
        Object {
          "annotations": Object {},
          "args": Array [
            255,
          ],
          "comment": undefined,
          "defaultValue": undefined,
          "foreign": undefined,
          "name": "text",
          "nullable": true,
          "type": "string",
          "unique": false,
        },
        Object {
          "annotations": Object {},
          "args": Array [
            255,
          ],
          "comment": undefined,
          "defaultValue": undefined,
          "foreign": undefined,
          "name": "description",
          "nullable": true,
          "type": "string",
          "unique": false,
        },
        Object {
          "annotations": Object {},
          "args": Array [],
          "comment": undefined,
          "defaultValue": undefined,
          "foreign": Object {
            "columnName": "id",
            "field": "id",
            "tableName": "note",
            "type": "Note",
          },
          "name": "noteId",
          "nullable": true,
          "type": "integer",
          "unique": false,
        },
      ],
      "comment": undefined,
      "indexes": Array [],
      "name": "comment",
      "primaries": Array [
        Object {
          "columns": Array [
            "id",
          ],
          "name": "comment_pkey",
        },
      ],
      "uniques": Array [],
    },
    Object {
      "annotations": Object {},
      "columnMap": Map {
        "id" => Object {
          "annotations": Object {},
          "args": Array [],
          "comment": undefined,
          "defaultValue": undefined,
          "foreign": undefined,
          "name": "id",
          "nullable": false,
          "type": "increments",
          "unique": false,
        },
        "opened" => Object {
          "annotations": Object {},
          "args": Array [],
          "comment": undefined,
          "defaultValue": undefined,
          "foreign": undefined,
          "name": "opened",
          "nullable": true,
          "type": "boolean",
          "unique": false,
        },
        "comment" => Object {
          "annotations": Object {},
          "args": Array [],
          "comment": undefined,
          "defaultValue": undefined,
          "foreign": Object {
            "columnName": "id",
            "field": "id",
            "tableName": "comment",
            "type": "Comment",
          },
          "name": "commentId",
          "nullable": true,
          "type": "integer",
          "unique": true,
        },
      },
      "columns": Array [
        Object {
          "annotations": Object {},
          "args": Array [],
          "comment": undefined,
          "defaultValue": undefined,
          "foreign": undefined,
          "name": "id",
          "nullable": false,
          "type": "increments",
          "unique": false,
        },
        Object {
          "annotations": Object {},
          "args": Array [],
          "comment": undefined,
          "defaultValue": undefined,
          "foreign": undefined,
          "name": "opened",
          "nullable": true,
          "type": "boolean",
          "unique": false,
        },
        Object {
          "annotations": Object {},
          "args": Array [],
          "comment": undefined,
          "defaultValue": undefined,
          "foreign": Object {
            "columnName": "id",
            "field": "id",
            "tableName": "comment",
            "type": "Comment",
          },
          "name": "commentId",
          "nullable": true,
          "type": "integer",
          "unique": true,
        },
      ],
      "comment": undefined,
      "indexes": Array [],
      "name": "commentmetadata",
      "primaries": Array [
        Object {
          "columns": Array [
            "id",
          ],
          "name": "commentmetadata_pkey",
        },
      ],
      "uniques": Array [
        Object {
          "columns": Array [
            "commentId",
          ],
          "name": "commentmetadata_commentId_unique",
        },
      ],
    },
  ],
}
`;
